WRN 2026-05-28T01:36:28.710 ui.31784   tui_handle_term_mode:239: TUI: terminal mode 69 detected, state 2
WRN 2026-05-28T01:36:28.715 ui.31784   tui_handle_term_mode:226: TUI: terminal mode 2026 unavailable, state 4
WRN 2026-05-28T01:36:28.715 ui.31784   tui_handle_term_mode:226: TUI: terminal mode 2027 unavailable, state 4
WRN 2026-05-28T01:36:28.715 ui.31784   tui_handle_term_mode:239: TUI: terminal mode 2031 detected, state 2
WRN 2026-05-28T01:36:28.715 ui.31784   tui_handle_term_mode:226: TUI: terminal mode 2048 unavailable, state 4
WRN 2026-05-30T19:39:12.637 ui.21134   tui_handle_term_mode:239: TUI: terminal mode 69 detected, state 2
WRN 2026-05-30T19:39:12.656 ui.21134   tui_handle_term_mode:226: TUI: terminal mode 2026 unavailable, state 4
WRN 2026-05-30T19:39:12.656 ui.21134   tui_handle_term_mode:226: TUI: terminal mode 2027 unavailable, state 4
WRN 2026-05-30T19:39:12.656 ui.21134   tui_handle_term_mode:239: TUI: terminal mode 2031 detected, state 2
WRN 2026-05-30T19:39:12.656 ui.21134   tui_handle_term_mode:226: TUI: terminal mode 2048 unavailable, state 4
WRN 2026-05-30T19:55:26.062 ui.23282   tui_handle_term_mode:239: TUI: terminal mode 69 detected, state 2
WRN 2026-05-30T19:55:26.080 ui.23282   tui_handle_term_mode:226: TUI: terminal mode 2026 unavailable, state 4
WRN 2026-05-30T19:55:26.081 ui.23282   tui_handle_term_mode:226: TUI: terminal mode 2027 unavailable, state 4
WRN 2026-05-30T19:55:26.081 ui.23282   tui_handle_term_mode:239: TUI: terminal mode 2031 detected, state 2
WRN 2026-05-30T19:55:26.081 ui.23282   tui_handle_term_mode:226: TUI: terminal mode 2048 unavailable, state 4
WRN 2026-05-30T21:13:04.077 ui.27100   tui_handle_term_mode:239: TUI: terminal mode 69 detected, state 2
WRN 2026-05-30T21:13:04.118 ui.27100   tui_handle_term_mode:226: TUI: terminal mode 2026 unavailable, state 4
WRN 2026-05-30T21:13:04.118 ui.27100   tui_handle_term_mode:226: TUI: terminal mode 2027 unavailable, state 4
WRN 2026-05-30T21:13:04.118 ui.27100   tui_handle_term_mode:239: TUI: terminal mode 2031 detected, state 2
WRN 2026-05-30T21:13:04.118 ui.27100   tui_handle_term_mode:226: TUI: terminal mode 2048 unavailable, state 4
WRN 2026-05-30T21:13:59.951 ui.27108   tui_handle_term_mode:239: TUI: terminal mode 69 detected, state 2
WRN 2026-05-30T21:13:59.951 ui.27108   tui_handle_term_mode:226: TUI: terminal mode 2026 unavailable, state 4
WRN 2026-05-30T21:13:59.951 ui.27108   tui_handle_term_mode:226: TUI: terminal mode 2027 unavailable, state 4
WRN 2026-05-30T21:13:59.951 ui.27108   tui_handle_term_mode:239: TUI: terminal mode 2031 detected, state 2
WRN 2026-05-30T21:13:59.951 ui.27108   tui_handle_term_mode:226: TUI: terminal mode 2048 unavailable, state 4
WRN 2026-05-30T21:23:48.367 ui.28038   tui_handle_term_mode:239: TUI: terminal mode 69 detected, state 2
WRN 2026-05-30T21:23:48.398 ui.28038   tui_handle_term_mode:226: TUI: terminal mode 2026 unavailable, state 4
WRN 2026-05-30T21:23:48.398 ui.28038   tui_handle_term_mode:226: TUI: terminal mode 2027 unavailable, state 4
WRN 2026-05-30T21:23:48.398 ui.28038   tui_handle_term_mode:239: TUI: terminal mode 2031 detected, state 2
WRN 2026-05-30T21:23:48.398 ui.28038   tui_handle_term_mode:226: TUI: terminal mode 2048 unavailable, state 4
WRN 2026-05-30T22:30:16.478 ui.54512   tui_handle_term_mode:239: TUI: terminal mode 69 detected, state 2
WRN 2026-05-30T22:30:16.516 ui.54512   tui_handle_term_mode:226: TUI: terminal mode 2026 unavailable, state 4
WRN 2026-05-30T22:30:16.516 ui.54512   tui_handle_term_mode:226: TUI: terminal mode 2027 unavailable, state 4
WRN 2026-05-30T22:30:16.516 ui.54512   tui_handle_term_mode:239: TUI: terminal mode 2031 detected, state 2
WRN 2026-05-30T22:30:16.516 ui.54512   tui_handle_term_mode:226: TUI: terminal mode 2048 unavailable, state 4
WRN 2026-05-30T23:25:21.531 ui.97471   tui_handle_term_mode:239: TUI: terminal mode 69 detected, state 2
WRN 2026-05-30T23:25:21.543 ui.97471   tui_handle_term_mode:226: TUI: terminal mode 2026 unavailable, state 4
WRN 2026-05-30T23:25:21.543 ui.97471   tui_handle_term_mode:226: TUI: terminal mode 2027 unavailable, state 4
WRN 2026-05-30T23:25:21.543 ui.97471   tui_handle_term_mode:239: TUI: terminal mode 2031 detected, state 2
WRN 2026-05-30T23:25:21.543 ui.97471   tui_handle_term_mode:226: TUI: terminal mode 2048 unavailable, state 4
WRN 2026-05-30T23:35:15.357 ui.100835  tui_handle_term_mode:239: TUI: terminal mode 69 detected, state 2
WRN 2026-05-30T23:35:15.370 ui.100835  tui_handle_term_mode:226: TUI: terminal mode 2026 unavailable, state 4
WRN 2026-05-30T23:35:15.370 ui.100835  tui_handle_term_mode:226: TUI: terminal mode 2027 unavailable, state 4
WRN 2026-05-30T23:35:15.370 ui.100835  tui_handle_term_mode:239: TUI: terminal mode 2031 detected, state 2
WRN 2026-05-30T23:35:15.386 ui.100835  tui_handle_term_mode:226: TUI: terminal mode 2048 unavailable, state 4
WRN 2026-05-30T23:35:41.698 ui.100843  tui_handle_term_mode:239: TUI: terminal mode 69 detected, state 2
WRN 2026-05-30T23:35:41.698 ui.100843  tui_handle_term_mode:226: TUI: terminal mode 2026 unavailable, state 4
WRN 2026-05-30T23:35:41.698 ui.100843  tui_handle_term_mode:226: TUI: terminal mode 2027 unavailable, state 4
WRN 2026-05-30T23:35:41.699 ui.100843  tui_handle_term_mode:239: TUI: terminal mode 2031 detected, state 2
WRN 2026-05-30T23:35:41.699 ui.100843  tui_handle_term_mode:226: TUI: terminal mode 2048 unavailable, state 4
WRN 2026-06-09T19:10:11.112 ui.1564    tui_handle_term_mode:239: TUI: terminal mode 69 detected, state 2
WRN 2026-06-09T19:10:11.142 ui.1564    tui_handle_term_mode:226: TUI: terminal mode 2026 unavailable, state 4
WRN 2026-06-09T19:10:11.142 ui.1564    tui_handle_term_mode:226: TUI: terminal mode 2027 unavailable, state 4
WRN 2026-06-09T19:10:11.142 ui.1564    tui_handle_term_mode:239: TUI: terminal mode 2031 detected, state 2
WRN 2026-06-09T19:10:11.142 ui.1564    tui_handle_term_mode:226: TUI: terminal mode 2048 unavailable, state 4
WRN 2026-06-09T19:10:49.431 ui.1630    tui_handle_term_mode:239: TUI: terminal mode 69 detected, state 2
WRN 2026-06-09T19:10:49.431 ui.1630    tui_handle_term_mode:226: TUI: terminal mode 2026 unavailable, state 4
WRN 2026-06-09T19:10:49.432 ui.1630    tui_handle_term_mode:226: TUI: terminal mode 2027 unavailable, state 4
WRN 2026-06-09T19:10:49.432 ui.1630    tui_handle_term_mode:239: TUI: terminal mode 2031 detected, state 2
WRN 2026-06-09T19:10:49.432 ui.1630    tui_handle_term_mode:226: TUI: terminal mode 2048 unavailable, state 4
WRN 2026-06-09T19:13:05.365 ui.2360    tui_handle_term_mode:239: TUI: terminal mode 69 detected, state 2
WRN 2026-06-09T19:13:05.393 ui.2360    tui_handle_term_mode:226: TUI: terminal mode 2026 unavailable, state 4
WRN 2026-06-09T19:13:05.393 ui.2360    tui_handle_term_mode:226: TUI: terminal mode 2027 unavailable, state 4
WRN 2026-06-09T19:13:05.393 ui.2360    tui_handle_term_mode:239: TUI: terminal mode 2031 detected, state 2
WRN 2026-06-09T19:13:05.393 ui.2360    tui_handle_term_mode:226: TUI: terminal mode 2048 unavailable, state 4
WRN 2026-06-11T02:07:33.962 ui.32664   tui_handle_term_mode:239: TUI: terminal mode 69 detected, state 2
WRN 2026-06-11T02:07:33.984 ui.32664   tui_handle_term_mode:226: TUI: terminal mode 2026 unavailable, state 4
WRN 2026-06-11T02:07:33.984 ui.32664   tui_handle_term_mode:226: TUI: terminal mode 2027 unavailable, state 4
WRN 2026-06-11T02:07:33.984 ui.32664   tui_handle_term_mode:239: TUI: terminal mode 2031 detected, state 2
WRN 2026-06-11T02:07:33.984 ui.32664   tui_handle_term_mode:226: TUI: terminal mode 2048 unavailable, state 4
WRN 2026-07-22T00:08:25.432 ui.1375    tui_handle_term_mode:239: TUI: terminal mode 69 detected, state 2
WRN 2026-07-22T00:08:25.445 ui.1375    tui_handle_term_mode:226: TUI: terminal mode 2026 unavailable, state 4
WRN 2026-07-22T00:08:25.445 ui.1375    tui_handle_term_mode:226: TUI: terminal mode 2027 unavailable, state 4
WRN 2026-07-22T00:08:25.445 ui.1375    tui_handle_term_mode:239: TUI: terminal mode 2031 detected, state 2
WRN 2026-07-22T00:08:25.445 ui.1375    tui_handle_term_mode:226: TUI: terminal mode 2048 unavailable, state 4
WRN 2026-07-22T00:49:23.233 ui.15111   tui_handle_term_mode:239: TUI: terminal mode 69 detected, state 2
WRN 2026-07-22T00:49:23.239 ui.15111   tui_handle_term_mode:226: TUI: terminal mode 2026 unavailable, state 4
WRN 2026-07-22T00:49:23.239 ui.15111   tui_handle_term_mode:226: TUI: terminal mode 2027 unavailable, state 4
WRN 2026-07-22T00:49:23.239 ui.15111   tui_handle_term_mode:239: TUI: terminal mode 2031 detected, state 2
WRN 2026-07-22T00:49:23.241 ui.15111   tui_handle_term_mode:226: TUI: terminal mode 2048 unavailable, state 4
WRN 2026-07-22T00:52:09.720 ui.15125   tui_handle_term_mode:239: TUI: terminal mode 69 detected, state 2
WRN 2026-07-22T00:52:09.720 ui.15125   tui_handle_term_mode:226: TUI: terminal mode 2026 unavailable, state 4
WRN 2026-07-22T00:52:09.720 ui.15125   tui_handle_term_mode:226: TUI: terminal mode 2027 unavailable, state 4
WRN 2026-07-22T00:52:09.721 ui.15125   tui_handle_term_mode:239: TUI: terminal mode 2031 detected, state 2
WRN 2026-07-22T00:52:09.721 ui.15125   tui_handle_term_mode:226: TUI: terminal mode 2048 unavailable, state 4
WRN 2026-07-22T00:52:40.153 ui.15127   tui_handle_term_mode:239: TUI: terminal mode 69 detected, state 2
WRN 2026-07-22T00:52:40.153 ui.15127   tui_handle_term_mode:226: TUI: terminal mode 2026 unavailable, state 4
WRN 2026-07-22T00:52:40.153 ui.15127   tui_handle_term_mode:226: TUI: terminal mode 2027 unavailable, state 4
WRN 2026-07-22T00:52:40.153 ui.15127   tui_handle_term_mode:239: TUI: terminal mode 2031 detected, state 2
WRN 2026-07-22T00:52:40.153 ui.15127   tui_handle_term_mode:226: TUI: terminal mode 2048 unavailable, state 4
WRN 2026-07-22T00:53:13.532 ui.15131   tui_handle_term_mode:239: TUI: terminal mode 69 detected, state 2
WRN 2026-07-22T00:53:13.532 ui.15131   tui_handle_term_mode:226: TUI: terminal mode 2026 unavailable, state 4
WRN 2026-07-22T00:53:13.534 ui.15131   tui_handle_term_mode:226: TUI: terminal mode 2027 unavailable, state 4
WRN 2026-07-22T00:53:13.534 ui.15131   tui_handle_term_mode:239: TUI: terminal mode 2031 detected, state 2
WRN 2026-07-22T00:53:13.534 ui.15131   tui_handle_term_mode:226: TUI: terminal mode 2048 unavailable, state 4
WRN 2026-07-22T00:53:51.464 ui.15138   tui_handle_term_mode:239: TUI: terminal mode 69 detected, state 2
WRN 2026-07-22T00:53:51.464 ui.15138   tui_handle_term_mode:226: TUI: terminal mode 2026 unavailable, state 4
WRN 2026-07-22T00:53:51.465 ui.15138   tui_handle_term_mode:226: TUI: terminal mode 2027 unavailable, state 4
WRN 2026-07-22T00:53:51.465 ui.15138   tui_handle_term_mode:239: TUI: terminal mode 2031 detected, state 2
WRN 2026-07-22T00:53:51.465 ui.15138   tui_handle_term_mode:226: TUI: terminal mode 2048 unavailable, state 4
WRN 2026-07-22T00:54:22.689 ui.15141   tui_handle_term_mode:239: TUI: terminal mode 69 detected, state 2
WRN 2026-07-22T00:54:22.689 ui.15141   tui_handle_term_mode:226: TUI: terminal mode 2026 unavailable, state 4
WRN 2026-07-22T00:54:22.689 ui.15141   tui_handle_term_mode:226: TUI: terminal mode 2027 unavailable, state 4
WRN 2026-07-22T00:54:22.689 ui.15141   tui_handle_term_mode:239: TUI: terminal mode 2031 detected, state 2
WRN 2026-07-22T00:54:22.689 ui.15141   tui_handle_term_mode:226: TUI: terminal mode 2048 unavailable, state 4
WRN 2026-07-22T00:54:52.502 ui.15146   tui_handle_term_mode:239: TUI: terminal mode 69 detected, state 2
WRN 2026-07-22T00:54:52.503 ui.15146   tui_handle_term_mode:226: TUI: terminal mode 2026 unavailable, state 4
WRN 2026-07-22T00:54:52.503 ui.15146   tui_handle_term_mode:226: TUI: terminal mode 2027 unavailable, state 4
WRN 2026-07-22T00:54:52.503 ui.15146   tui_handle_term_mode:239: TUI: terminal mode 2031 detected, state 2
WRN 2026-07-22T00:54:52.503 ui.15146   tui_handle_term_mode:226: TUI: terminal mode 2048 unavailable, state 4
WRN 2026-07-22T02:45:22.731 ui.15859   tui_handle_term_mode:239: TUI: terminal mode 69 detected, state 2
WRN 2026-07-22T02:45:22.731 ui.15859   tui_handle_term_mode:226: TUI: terminal mode 2026 unavailable, state 4
WRN 2026-07-22T02:45:22.731 ui.15859   tui_handle_term_mode:226: TUI: terminal mode 2027 unavailable, state 4
WRN 2026-07-22T02:45:22.731 ui.15859   tui_handle_term_mode:239: TUI: terminal mode 2031 detected, state 2
WRN 2026-07-22T02:45:22.731 ui.15859   tui_handle_term_mode:226: TUI: terminal mode 2048 unavailable, state 4
WRN 2026-07-22T02:45:39.026 ui.15863   tui_handle_term_mode:239: TUI: terminal mode 69 detected, state 2
WRN 2026-07-22T02:45:39.026 ui.15863   tui_handle_term_mode:226: TUI: terminal mode 2026 unavailable, state 4
WRN 2026-07-22T02:45:39.026 ui.15863   tui_handle_term_mode:226: TUI: terminal mode 2027 unavailable, state 4
WRN 2026-07-22T02:45:39.026 ui.15863   tui_handle_term_mode:239: TUI: terminal mode 2031 detected, state 2
WRN 2026-07-22T02:45:39.026 ui.15863   tui_handle_term_mode:226: TUI: terminal mode 2048 unavailable, state 4
WRN 2026-07-22T02:52:50.368 ui.15963   tui_handle_term_mode:239: TUI: terminal mode 69 detected, state 2
WRN 2026-07-22T02:52:50.368 ui.15963   tui_handle_term_mode:226: TUI: terminal mode 2026 unavailable, state 4
WRN 2026-07-22T02:52:50.368 ui.15963   tui_handle_term_mode:226: TUI: terminal mode 2027 unavailable, state 4
WRN 2026-07-22T02:52:50.368 ui.15963   tui_handle_term_mode:239: TUI: terminal mode 2031 detected, state 2
WRN 2026-07-22T02:52:50.368 ui.15963   tui_handle_term_mode:226: TUI: terminal mode 2048 unavailable, state 4
WRN 2026-07-24T02:14:59.741 ui.2303    tui_handle_term_mode:239: TUI: terminal mode 69 detected, state 2
WRN 2026-07-24T02:14:59.750 ui.2303    tui_handle_term_mode:226: TUI: terminal mode 2026 unavailable, state 4
WRN 2026-07-24T02:14:59.750 ui.2303    tui_handle_term_mode:226: TUI: terminal mode 2027 unavailable, state 4
WRN 2026-07-24T02:14:59.750 ui.2303    tui_handle_term_mode:239: TUI: terminal mode 2031 detected, state 2
WRN 2026-07-24T02:14:59.750 ui.2303    tui_handle_term_mode:226: TUI: terminal mode 2048 unavailable, state 4
WRN 2026-07-24T02:16:41.911 ui.2314    tui_handle_term_mode:239: TUI: terminal mode 69 detected, state 2
WRN 2026-07-24T02:16:41.911 ui.2314    tui_handle_term_mode:226: TUI: terminal mode 2026 unavailable, state 4
WRN 2026-07-24T02:16:41.911 ui.2314    tui_handle_term_mode:226: TUI: terminal mode 2027 unavailable, state 4
WRN 2026-07-24T02:16:41.911 ui.2314    tui_handle_term_mode:239: TUI: terminal mode 2031 detected, state 2
WRN 2026-07-24T02:16:41.912 ui.2314    tui_handle_term_mode:226: TUI: terminal mode 2048 unavailable, state 4
