VMware: No 3D enabled (0, Success).
libEGL warning: egl: failed to create dri2 screen
VMware: No 3D enabled (0, Success).
libEGL warning: egl: failed to create dri2 screen
VMware: No 3D enabled (0, Success).
libEGL warning: egl: failed to create dri2 screen
VMware: No 3D enabled (0, Success).
VMware: No 3D enabled (0, Success).

(cinnamon:512): muffin-WARNING **: 02:33:14.418: Failed to initialize accelerated iGPU/dGPU framebuffer sharing: Do not want to use software renderer (llvmpipe (LLVM 22.1.5, 256 bits)), falling back to CPU copy path

(cinnamon:512): muffin-WARNING **: 02:33:15.198: failed to bind to @/tmp/.X11-unix/X0: Address already in use

(cinnamon:512): muffin-WARNING **: 02:33:15.198: failed to bind to @/tmp/.X11-unix/X0: Address already in use
Cjs-Message: 02:33:16.780: JS LOG: About to start Cinnamon (Wayland backend)
Cjs-Message: 02:33:17.339: JS LOG: [LookingGlass/info] Cinnamon.AppSystem.get_default() started in 0 ms
Cjs-Message: 02:33:17.370: JS LOG: [LookingGlass/info] loading default theme
Cjs-Message: 02:33:17.479: JS LOG: [LookingGlass/info] Gestures disabled on Wayland
Cjs-Message: 02:33:17.592: JS LOG: [LookingGlass/info] Animations: enabled (hardware rendering, enabled in settings)
Cjs-Message: 02:33:18.693: JS LOG: [LookingGlass/info] NetworkManager agent: enabled
Cjs-Message: 02:33:18.707: JS LOG: [LookingGlass/info] Cinnamon registered as the Polkit agent for the active session (2)
Cjs-Message: 02:33:18.708: JS LOG: [LookingGlass/info] SSH agent: enabled
Cjs-Message: 02:33:18.716: JS LOG: [LookingGlass/info] loaded at Mon May 25 2026 02:33:18 GMT+0100 (British Summer Time)
Cjs-Message: 02:33:18.716: JS LOG: Cinnamon started at Mon May 25 2026 02:33:18 GMT+0100 (British Summer Time)
Cjs-Message: 02:33:19.040: JS LOG: [LookingGlass/info] No input sources defined, loading system defaults.
Cjs-Message: 02:33:19.075: JS LOG: Failed to launch ibus-daemon: Failed to execute child process “ibus-daemon” (No such file or directory)
Cjs-Message: 02:33:19.261: JS LOG: [LookingGlass/info] ExtensionSystem started in 3 ms
Cjs-Message: 02:33:19.261: JS LOG: [LookingGlass/info] DeskletManager started in 2 ms
Cjs-Message: 02:33:19.262: JS LOG: [LookingGlass/info] SearchProviderManager started in 3 ms
Xwayland glamor: GBM Wayland interfaces not available
Failed to initialize glamor, falling back to sw
VMware: No 3D enabled (0, Success).
VMware: No 3D enabled (0, Success).
[cinnamon-settings-daemon-smartcard] Failed to start: no suitable smartcard driver could be found
[cinnamon-settings-daemon-smartcard] Failed to start: no suitable smartcard driver could be found
The XKEYBOARD keymap compiler (xkbcomp) reports:
> Warning:          Multiple symbols for level 1/group 1 on key <FK23>
>                   Using F23, ignoring XF86TouchpadOff
> Warning:          Symbol map for key <FK23> redefined
>                   Using last definition for conflicting fields
> Warning:          Symbol map for key <FK24> redefined
>                   Using last definition for conflicting fields
Errors from xkbcomp are not fatal to the X server
Cjs-Message: 02:33:20.897: JS LOG: [LookingGlass/warning] [systray@cinnamon.org]: Extension not compatible with Wayland
Cjs-Message: 02:33:21.049: JS LOG: [LookingGlass/info] Loaded applet separator@cinnamon.org in 94 ms
Cjs-Message: 02:33:21.067: JS LOG: [LookingGlass/info] Loaded applet removable-drives@cinnamon.org in 17 ms
Cjs-Message: 02:33:21.075: JS LOG: [LookingGlass/info] Installing settings for favorites@cinnamon.org
Cjs-Message: 02:33:21.076: JS LOG: [LookingGlass/info] Settings successfully installed for favorites@cinnamon.org
Cjs-Message: 02:33:21.084: JS LOG: [LookingGlass/info] Loaded applet favorites@cinnamon.org in 16 ms
Cjs-Message: 02:33:21.092: JS LOG: [LookingGlass/info] Installing settings for printers@cinnamon.org
Cjs-Message: 02:33:21.092: JS LOG: [LookingGlass/info] Settings successfully installed for printers@cinnamon.org
Cjs-Message: 02:33:21.986: JS LOG: [LookingGlass/info] Loaded applet printers@cinnamon.org in 901 ms
Cjs-Message: 02:33:22.013: JS LOG: [LookingGlass/info] Loaded applet xapp-status@cinnamon.org in 27 ms
Cjs-Message: 02:33:22.025: JS LOG: [LookingGlass/info] Installing settings for cornerbar@cinnamon.org
Cjs-Message: 02:33:22.026: JS LOG: [LookingGlass/info] Settings successfully installed for cornerbar@cinnamon.org
Cjs-Message: 02:33:22.040: JS LOG: [LookingGlass/info] Loaded applet cornerbar@cinnamon.org in 26 ms
Cjs-Message: 02:33:22.361: JS LOG: [LookingGlass/info] Installing settings for calendar@cinnamon.org
Cjs-Message: 02:33:22.361: JS LOG: [LookingGlass/info] Settings successfully installed for calendar@cinnamon.org
Cjs-Message: 02:33:22.498: JS LOG: [LookingGlass/info] Loaded applet calendar@cinnamon.org in 458 ms
Cjs-Message: 02:33:22.520: JS LOG: [LookingGlass/info] Loaded applet keyboard@cinnamon.org in 22 ms
Cjs-Message: 02:33:22.526: JS LOG: [LookingGlass/info] Installing settings for notifications@cinnamon.org
Cjs-Message: 02:33:22.526: JS LOG: [LookingGlass/info] Settings successfully installed for notifications@cinnamon.org
Cjs-Message: 02:33:22.550: JS LOG: [LookingGlass/info] Loaded applet notifications@cinnamon.org in 30 ms
Cjs-Message: 02:33:22.551: JS LOG: Enabling WindowAttentionHandler
Cjs-Message: 02:33:22.567: JS LOG: [LookingGlass/info] Installing settings for power@cinnamon.org
Cjs-Message: 02:33:22.567: JS LOG: [LookingGlass/info] Settings successfully installed for power@cinnamon.org
Cjs-Message: 02:33:22.869: JS LOG: [LookingGlass/info] Loaded applet power@cinnamon.org in 319 ms

(cinnamon:512): Clutter-WARNING **: 02:33:23.085: Attempting to add actor of type 'StBoxLayout' to a container of type 'StBoxLayout', but the actor has already a parent of type 'StBoxLayout'.

(cinnamon:512): Clutter-WARNING **: 02:33:23.091: Attempting to add actor of type 'StBoxLayout' to a container of type 'StBoxLayout', but the actor has already a parent of type 'StBoxLayout'.

(cinnamon:512): Clutter-WARNING **: 02:33:23.096: Attempting to add actor of type 'StBoxLayout' to a container of type 'StBoxLayout', but the actor has already a parent of type 'StBoxLayout'.

(cinnamon:512): Clutter-WARNING **: 02:33:23.102: Attempting to add actor of type 'StBoxLayout' to a container of type 'StBoxLayout', but the actor has already a parent of type 'StBoxLayout'.

(cinnamon:512): Clutter-WARNING **: 02:33:23.107: Attempting to add actor of type 'StBoxLayout' to a container of type 'StBoxLayout', but the actor has already a parent of type 'StBoxLayout'.

(cinnamon:512): Clutter-WARNING **: 02:33:23.111: Attempting to add actor of type 'StBoxLayout' to a container of type 'StBoxLayout', but the actor has already a parent of type 'StBoxLayout'.

(cinnamon:512): Clutter-WARNING **: 02:33:23.115: Attempting to add actor of type 'StBoxLayout' to a container of type 'StBoxLayout', but the actor has already a parent of type 'StBoxLayout'.

(cinnamon:512): Clutter-WARNING **: 02:33:23.119: Attempting to add actor of type 'StBoxLayout' to a container of type 'StBoxLayout', but the actor has already a parent of type 'StBoxLayout'.
Cjs-Message: 02:33:23.126: JS LOG: [LookingGlass/info] Installing settings for sound@cinnamon.org
Cjs-Message: 02:33:23.126: JS LOG: [LookingGlass/info] Settings successfully installed for sound@cinnamon.org
Cjs-Message: 02:33:23.240: JS LOG: [LookingGlass/info] Loaded applet sound@cinnamon.org in 371 ms
Cjs-Message: 02:33:23.249: JS LOG: [LookingGlass/info] Installing settings for grouped-window-list@cinnamon.org
Cjs-Message: 02:33:23.249: JS LOG: [LookingGlass/info] Settings successfully installed for grouped-window-list@cinnamon.org
Cjs-Message: 02:33:23.300: JS LOG: [LookingGlass/info] Role locked: panellauncher
Cjs-Message: 02:33:23.300: JS LOG: [LookingGlass/info] Role locked: windowattentionhandler
Cjs-Message: 02:33:23.317: JS LOG: [LookingGlass/info] Monitor Watch List updated: [0]
Cjs-Message: 02:33:23.317: JS LOG: [LookingGlass/info] Loaded applet grouped-window-list@cinnamon.org in 77 ms
Cjs-Message: 02:33:23.990: JS LOG: [LookingGlass/info] Installing settings for network@cinnamon.org
Cjs-Message: 02:33:23.990: JS LOG: [LookingGlass/info] Settings successfully installed for network@cinnamon.org
Cjs-Message: 02:33:24.005: JS LOG: [LookingGlass/info] Loaded applet network@cinnamon.org in 688 ms
Cjs-Message: 02:33:24.018: JS LOG: [LookingGlass/info] Installing settings for menu@cinnamon.org
Cjs-Message: 02:33:24.019: JS LOG: [LookingGlass/info] Settings successfully installed for menu@cinnamon.org
Cjs-Message: 02:33:25.730: JS LOG: [LookingGlass/info] Loaded applet menu@cinnamon.org in 1725 ms
Cjs-Message: 02:33:25.731: JS LOG: [LookingGlass/info] AppletManager started in 6612 ms
Cjs-Message: 02:33:25.737: JS LOG: [LookingGlass/info] Cinnamon took 8956 ms to start
Cjs-Message: 02:33:25.756: JS LOG: [LookingGlass/error] version is null
Cjs-Message: 02:33:25.756: JS LOG: [LookingGlass/trace] 
<----------------
version_exceeds@/usr/share/cinnamon/js/misc/util.js:619:23
_clientGot@/usr/share/cinnamon/applets/network@cinnamon.org/applet.js:1836:34
---------------->

(cinnamon:512): XApp-WARNING **: 02:33:27.125: Switcheroo-control doesn't appear to be running, checking for Ubuntu support...
Cjs-Message: 02:33:27.137: JS LOG: [LookingGlass/info] GPU offload supported: false

(csd-power:597): csd-power-WARNING **: 02:33:27.873: ignoring critically low message as we are not on battery power

(csd-color:595): csd-color-WARNING **: 02:33:29.986: failed to get edid: unable to get EDID for output

(csd-color:595): csd-color-WARNING **: 02:33:30.045: unable to get EDID for xrandr-Virtual-1: unable to get EDID for output

(nemo-desktop:930): Nemo-WARNING **: 02:33:30.308: Current gtk theme is not known to have nemo support (Adwaita) - checking...

(nemo-desktop:930): Nemo-WARNING **: 02:33:31.418: The theme appears to have no nemo support.  Adding some...
Nemo-Message: 02:33:31.472: nemo-desktop: session is cinnamon, establishing proxy

(nemo-desktop:930): Nemo-WARNING **: 02:33:32.563: Action 'mount-archive.nemo_action' is missing dependency: gnome-disk-image-mounter
Cjs-Message: 02:33:36.559: JS LOG: calendar@cinnamon.org: Calendar events supported.
Cjs-Message: 02:33:37.378: JS LOG: Gio.DBusError: GDBus.Error:org.freedesktop.DBus.Error.NameHasNoOwner: Could not activate remote peer 'org.cinnamon.CalendarServer': unit failed

(cinnamon:512): muffin-WARNING **: 02:33:40.687: 0x600004: frame_complete callback never occurred for frame 17
The XKEYBOARD keymap compiler (xkbcomp) reports:
> Warning:          Unsupported maximum keycode 709, clipping.
>                   X11 cannot support keycodes above 255.
> Warning:          Virtual modifier Hyper multiply defined
>                   Using 0, ignoring 0
> Warning:          Virtual modifier ScrollLock multiply defined
>                   Using 0, ignoring 0
Errors from xkbcomp are not fatal to the X server
libinput error: event6  - ImExPS/2 Generic Explorer Mouse: client bug: event processing lagging behind by 31ms, your system is too slow
libinput error: client bug: timer button-debounce-debounce-event6: scheduled expiry is in the past (-310ms), your system is too slow
libinput error: event5  - VirtualBox mouse integration: client bug: event processing lagging behind by 94ms, your system is too slow
libinput error: event5  - VirtualBox mouse integration: client bug: event processing lagging behind by 78ms, your system is too slow
libinput error: client bug: timer button-debounce-debounce-event6: scheduled expiry is in the past (-400ms), your system is too slow
libinput error: client bug: timer button-debounce-debounce-event6: scheduled expiry is in the past (-237ms), your system is too slow
libinput error: event5  - VirtualBox mouse integration: client bug: event processing lagging behind by 166ms, your system is too slow
