WRN 2026-06-05T21:15:24.872 ui.44548   tui_handle_term_mode:239: TUI: terminal mode 69 detected, state 2
WRN 2026-06-05T21:15:24.879 ui.44548   tui_handle_term_mode:226: TUI: terminal mode 2026 unavailable, state 4
WRN 2026-06-05T21:15:24.879 ui.44548   tui_handle_term_mode:226: TUI: terminal mode 2027 unavailable, state 4
WRN 2026-06-05T21:15:24.879 ui.44548   tui_handle_term_mode:239: TUI: terminal mode 2031 detected, state 2
WRN 2026-06-05T21:15:24.879 ui.44548   tui_handle_term_mode:226: TUI: terminal mode 2048 unavailable, state 4
WRN 2026-06-11T16:54:10.966 ui.1104    tui_handle_term_mode:239: TUI: terminal mode 69 detected, state 2
WRN 2026-06-11T16:54:10.992 ui.1104    tui_handle_term_mode:226: TUI: terminal mode 2026 unavailable, state 4
WRN 2026-06-11T16:54:10.992 ui.1104    tui_handle_term_mode:226: TUI: terminal mode 2027 unavailable, state 4
WRN 2026-06-11T16:54:10.992 ui.1104    tui_handle_term_mode:239: TUI: terminal mode 2031 detected, state 2
WRN 2026-06-11T16:54:10.992 ui.1104    tui_handle_term_mode:226: TUI: terminal mode 2048 unavailable, state 4
WRN 2026-06-12T01:11:35.392 ui.2817    tui_handle_term_mode:239: TUI: terminal mode 69 detected, state 2
WRN 2026-06-12T01:11:35.422 ui.2817    tui_handle_term_mode:226: TUI: terminal mode 2026 unavailable, state 4
WRN 2026-06-12T01:11:35.422 ui.2817    tui_handle_term_mode:226: TUI: terminal mode 2027 unavailable, state 4
WRN 2026-06-12T01:11:35.422 ui.2817    tui_handle_term_mode:239: TUI: terminal mode 2031 detected, state 2
WRN 2026-06-12T01:11:35.422 ui.2817    tui_handle_term_mode:226: TUI: terminal mode 2048 unavailable, state 4
WRN 2026-06-12T01:12:16.747 ui.2824    tui_handle_term_mode:239: TUI: terminal mode 69 detected, state 2
WRN 2026-06-12T01:12:16.747 ui.2824    tui_handle_term_mode:226: TUI: terminal mode 2026 unavailable, state 4
WRN 2026-06-12T01:12:16.747 ui.2824    tui_handle_term_mode:226: TUI: terminal mode 2027 unavailable, state 4
WRN 2026-06-12T01:12:16.747 ui.2824    tui_handle_term_mode:239: TUI: terminal mode 2031 detected, state 2
WRN 2026-06-12T01:12:16.747 ui.2824    tui_handle_term_mode:226: TUI: terminal mode 2048 unavailable, state 4
WRN 2026-06-12T01:12:34.772 ui.2831    tui_handle_term_mode:239: TUI: terminal mode 69 detected, state 2
WRN 2026-06-12T01:12:34.772 ui.2831    tui_handle_term_mode:226: TUI: terminal mode 2026 unavailable, state 4
WRN 2026-06-12T01:12:34.772 ui.2831    tui_handle_term_mode:226: TUI: terminal mode 2027 unavailable, state 4
WRN 2026-06-12T01:12:34.772 ui.2831    tui_handle_term_mode:239: TUI: terminal mode 2031 detected, state 2
WRN 2026-06-12T01:12:34.772 ui.2831    tui_handle_term_mode:226: TUI: terminal mode 2048 unavailable, state 4
WRN 2026-06-13T15:00:32.702 ui.762     tui_handle_term_mode:239: TUI: terminal mode 69 detected, state 2
WRN 2026-06-13T15:00:32.725 ui.762     tui_handle_term_mode:226: TUI: terminal mode 2026 unavailable, state 4
WRN 2026-06-13T15:00:32.728 ui.762     tui_handle_term_mode:226: TUI: terminal mode 2027 unavailable, state 4
WRN 2026-06-13T15:00:32.728 ui.762     tui_handle_term_mode:239: TUI: terminal mode 2031 detected, state 2
WRN 2026-06-13T15:00:32.728 ui.762     tui_handle_term_mode:226: TUI: terminal mode 2048 unavailable, state 4
WRN 2026-06-13T15:29:59.306 ui.2372    tui_handle_term_mode:239: TUI: terminal mode 69 detected, state 2
WRN 2026-06-13T15:29:59.348 ui.2372    tui_handle_term_mode:226: TUI: terminal mode 2026 unavailable, state 4
WRN 2026-06-13T15:29:59.348 ui.2372    tui_handle_term_mode:226: TUI: terminal mode 2027 unavailable, state 4
WRN 2026-06-13T15:29:59.348 ui.2372    tui_handle_term_mode:239: TUI: terminal mode 2031 detected, state 2
WRN 2026-06-13T15:29:59.348 ui.2372    tui_handle_term_mode:226: TUI: terminal mode 2048 unavailable, state 4
WRN 2026-06-13T20:07:13.541 ui.940     tui_handle_term_mode:239: TUI: terminal mode 69 detected, state 2
WRN 2026-06-13T20:07:13.569 ui.940     tui_handle_term_mode:226: TUI: terminal mode 2026 unavailable, state 4
WRN 2026-06-13T20:07:13.569 ui.940     tui_handle_term_mode:226: TUI: terminal mode 2027 unavailable, state 4
WRN 2026-06-13T20:07:13.569 ui.940     tui_handle_term_mode:239: TUI: terminal mode 2031 detected, state 2
WRN 2026-06-13T20:07:13.569 ui.940     tui_handle_term_mode:226: TUI: terminal mode 2048 unavailable, state 4
WRN 2026-06-13T20:08:18.586 ui.949     tui_handle_term_mode:239: TUI: terminal mode 69 detected, state 2
WRN 2026-06-13T20:08:18.586 ui.949     tui_handle_term_mode:226: TUI: terminal mode 2026 unavailable, state 4
WRN 2026-06-13T20:08:18.586 ui.949     tui_handle_term_mode:226: TUI: terminal mode 2027 unavailable, state 4
WRN 2026-06-13T20:08:18.586 ui.949     tui_handle_term_mode:239: TUI: terminal mode 2031 detected, state 2
WRN 2026-06-13T20:08:18.587 ui.949     tui_handle_term_mode:226: TUI: terminal mode 2048 unavailable, state 4
WRN 2026-06-13T20:10:53.077 ui.967     tui_handle_term_mode:239: TUI: terminal mode 69 detected, state 2
WRN 2026-06-13T20:10:53.077 ui.967     tui_handle_term_mode:226: TUI: terminal mode 2026 unavailable, state 4
WRN 2026-06-13T20:10:53.077 ui.967     tui_handle_term_mode:226: TUI: terminal mode 2027 unavailable, state 4
WRN 2026-06-13T20:10:53.077 ui.967     tui_handle_term_mode:239: TUI: terminal mode 2031 detected, state 2
WRN 2026-06-13T20:10:53.077 ui.967     tui_handle_term_mode:226: TUI: terminal mode 2048 unavailable, state 4
WRN 2026-06-13T20:12:04.474 ui.977     tui_handle_term_mode:239: TUI: terminal mode 69 detected, state 2
WRN 2026-06-13T20:12:04.474 ui.977     tui_handle_term_mode:226: TUI: terminal mode 2026 unavailable, state 4
WRN 2026-06-13T20:12:04.474 ui.977     tui_handle_term_mode:226: TUI: terminal mode 2027 unavailable, state 4
WRN 2026-06-13T20:12:04.474 ui.977     tui_handle_term_mode:239: TUI: terminal mode 2031 detected, state 2
WRN 2026-06-13T20:12:04.474 ui.977     tui_handle_term_mode:226: TUI: terminal mode 2048 unavailable, state 4
WRN 2026-06-13T20:25:41.898 ui.1326    tui_handle_term_mode:239: TUI: terminal mode 69 detected, state 2
WRN 2026-06-13T20:25:41.898 ui.1326    tui_handle_term_mode:226: TUI: terminal mode 2026 unavailable, state 4
WRN 2026-06-13T20:25:41.898 ui.1326    tui_handle_term_mode:226: TUI: terminal mode 2027 unavailable, state 4
WRN 2026-06-13T20:25:41.899 ui.1326    tui_handle_term_mode:239: TUI: terminal mode 2031 detected, state 2
WRN 2026-06-13T20:25:41.899 ui.1326    tui_handle_term_mode:226: TUI: terminal mode 2048 unavailable, state 4
WRN 2026-06-13T20:26:28.929 ui.1335    tui_handle_term_mode:239: TUI: terminal mode 69 detected, state 2
WRN 2026-06-13T20:26:28.929 ui.1335    tui_handle_term_mode:226: TUI: terminal mode 2026 unavailable, state 4
WRN 2026-06-13T20:26:28.929 ui.1335    tui_handle_term_mode:226: TUI: terminal mode 2027 unavailable, state 4
WRN 2026-06-13T20:26:28.929 ui.1335    tui_handle_term_mode:239: TUI: terminal mode 2031 detected, state 2
WRN 2026-06-13T20:26:28.929 ui.1335    tui_handle_term_mode:226: TUI: terminal mode 2048 unavailable, state 4
WRN 2026-06-13T20:27:50.984 ui.1346    tui_handle_term_mode:239: TUI: terminal mode 69 detected, state 2
WRN 2026-06-13T20:27:50.984 ui.1346    tui_handle_term_mode:226: TUI: terminal mode 2026 unavailable, state 4
WRN 2026-06-13T20:27:50.990 ui.1346    tui_handle_term_mode:226: TUI: terminal mode 2027 unavailable, state 4
WRN 2026-06-13T20:27:50.990 ui.1346    tui_handle_term_mode:239: TUI: terminal mode 2031 detected, state 2
WRN 2026-06-13T20:27:50.990 ui.1346    tui_handle_term_mode:226: TUI: terminal mode 2048 unavailable, state 4
WRN 2026-06-13T20:29:10.092 ui.1360    tui_handle_term_mode:239: TUI: terminal mode 69 detected, state 2
WRN 2026-06-13T20:29:10.092 ui.1360    tui_handle_term_mode:226: TUI: terminal mode 2026 unavailable, state 4
WRN 2026-06-13T20:29:10.092 ui.1360    tui_handle_term_mode:226: TUI: terminal mode 2027 unavailable, state 4
WRN 2026-06-13T20:29:10.092 ui.1360    tui_handle_term_mode:239: TUI: terminal mode 2031 detected, state 2
WRN 2026-06-13T20:29:10.092 ui.1360    tui_handle_term_mode:226: TUI: terminal mode 2048 unavailable, state 4
WRN 2026-06-13T20:38:49.521 ui.1619    tui_handle_term_mode:239: TUI: terminal mode 69 detected, state 2
WRN 2026-06-13T20:38:49.521 ui.1619    tui_handle_term_mode:226: TUI: terminal mode 2026 unavailable, state 4
WRN 2026-06-13T20:38:49.521 ui.1619    tui_handle_term_mode:226: TUI: terminal mode 2027 unavailable, state 4
WRN 2026-06-13T20:38:49.521 ui.1619    tui_handle_term_mode:239: TUI: terminal mode 2031 detected, state 2
WRN 2026-06-13T20:38:49.521 ui.1619    tui_handle_term_mode:226: TUI: terminal mode 2048 unavailable, state 4
WRN 2026-06-13T20:42:43.391 ui.1650    tui_handle_term_mode:239: TUI: terminal mode 69 detected, state 2
WRN 2026-06-13T20:42:43.391 ui.1650    tui_handle_term_mode:226: TUI: terminal mode 2026 unavailable, state 4
WRN 2026-06-13T20:42:43.391 ui.1650    tui_handle_term_mode:226: TUI: terminal mode 2027 unavailable, state 4
WRN 2026-06-13T20:42:43.391 ui.1650    tui_handle_term_mode:239: TUI: terminal mode 2031 detected, state 2
WRN 2026-06-13T20:42:43.391 ui.1650    tui_handle_term_mode:226: TUI: terminal mode 2048 unavailable, state 4
WRN 2026-06-13T23:33:17.997 ui.836     tui_handle_term_mode:239: TUI: terminal mode 69 detected, state 2
WRN 2026-06-13T23:33:18.024 ui.836     tui_handle_term_mode:226: TUI: terminal mode 2026 unavailable, state 4
WRN 2026-06-13T23:33:18.024 ui.836     tui_handle_term_mode:226: TUI: terminal mode 2027 unavailable, state 4
WRN 2026-06-13T23:33:18.024 ui.836     tui_handle_term_mode:239: TUI: terminal mode 2031 detected, state 2
WRN 2026-06-13T23:33:18.024 ui.836     tui_handle_term_mode:226: TUI: terminal mode 2048 unavailable, state 4
WRN 2026-06-14T00:22:41.026 ui.852     tui_handle_term_mode:239: TUI: terminal mode 69 detected, state 2
WRN 2026-06-14T00:22:41.035 ui.852     tui_handle_term_mode:226: TUI: terminal mode 2026 unavailable, state 4
WRN 2026-06-14T00:22:41.048 ui.852     tui_handle_term_mode:226: TUI: terminal mode 2027 unavailable, state 4
WRN 2026-06-14T00:22:41.049 ui.852     tui_handle_term_mode:239: TUI: terminal mode 2031 detected, state 2
WRN 2026-06-14T00:22:41.049 ui.852     tui_handle_term_mode:226: TUI: terminal mode 2048 unavailable, state 4
WRN 2026-06-14T00:30:59.437 ui.883     tui_handle_term_mode:239: TUI: terminal mode 69 detected, state 2
WRN 2026-06-14T00:30:59.437 ui.883     tui_handle_term_mode:226: TUI: terminal mode 2026 unavailable, state 4
WRN 2026-06-14T00:30:59.439 ui.883     tui_handle_term_mode:226: TUI: terminal mode 2027 unavailable, state 4
WRN 2026-06-14T00:30:59.440 ui.883     tui_handle_term_mode:239: TUI: terminal mode 2031 detected, state 2
WRN 2026-06-14T00:30:59.440 ui.883     tui_handle_term_mode:226: TUI: terminal mode 2048 unavailable, state 4
WRN 2026-06-14T00:54:29.605 ui.959     tui_handle_term_mode:239: TUI: terminal mode 69 detected, state 2
WRN 2026-06-14T00:54:29.606 ui.959     tui_handle_term_mode:226: TUI: terminal mode 2026 unavailable, state 4
WRN 2026-06-14T00:54:29.607 ui.959     tui_handle_term_mode:226: TUI: terminal mode 2027 unavailable, state 4
WRN 2026-06-14T00:54:29.607 ui.959     tui_handle_term_mode:239: TUI: terminal mode 2031 detected, state 2
WRN 2026-06-14T00:54:29.607 ui.959     tui_handle_term_mode:226: TUI: terminal mode 2048 unavailable, state 4
WRN 2026-06-14T01:08:04.904 ui.1060    tui_handle_term_mode:239: TUI: terminal mode 69 detected, state 2
WRN 2026-06-14T01:08:04.914 ui.1060    tui_handle_term_mode:226: TUI: terminal mode 2026 unavailable, state 4
WRN 2026-06-14T01:08:04.914 ui.1060    tui_handle_term_mode:226: TUI: terminal mode 2027 unavailable, state 4
WRN 2026-06-14T01:08:04.914 ui.1060    tui_handle_term_mode:239: TUI: terminal mode 2031 detected, state 2
WRN 2026-06-14T01:08:04.914 ui.1060    tui_handle_term_mode:226: TUI: terminal mode 2048 unavailable, state 4
WRN 2026-06-14T01:12:08.937 ui.1149    tui_handle_term_mode:239: TUI: terminal mode 69 detected, state 2
WRN 2026-06-14T01:12:08.937 ui.1149    tui_handle_term_mode:226: TUI: terminal mode 2026 unavailable, state 4
WRN 2026-06-14T01:12:08.937 ui.1149    tui_handle_term_mode:226: TUI: terminal mode 2027 unavailable, state 4
WRN 2026-06-14T01:12:08.937 ui.1149    tui_handle_term_mode:239: TUI: terminal mode 2031 detected, state 2
WRN 2026-06-14T01:12:08.937 ui.1149    tui_handle_term_mode:226: TUI: terminal mode 2048 unavailable, state 4
WRN 2026-06-14T01:18:05.437 ui.1265    tui_handle_term_mode:239: TUI: terminal mode 69 detected, state 2
WRN 2026-06-14T01:18:05.438 ui.1265    tui_handle_term_mode:226: TUI: terminal mode 2026 unavailable, state 4
WRN 2026-06-14T01:18:05.438 ui.1265    tui_handle_term_mode:226: TUI: terminal mode 2027 unavailable, state 4
WRN 2026-06-14T01:18:05.438 ui.1265    tui_handle_term_mode:239: TUI: terminal mode 2031 detected, state 2
WRN 2026-06-14T01:18:05.438 ui.1265    tui_handle_term_mode:226: TUI: terminal mode 2048 unavailable, state 4
WRN 2026-06-14T01:27:08.547 ui.1366    tui_handle_term_mode:239: TUI: terminal mode 69 detected, state 2
WRN 2026-06-14T01:27:08.547 ui.1366    tui_handle_term_mode:226: TUI: terminal mode 2026 unavailable, state 4
WRN 2026-06-14T01:27:08.547 ui.1366    tui_handle_term_mode:226: TUI: terminal mode 2027 unavailable, state 4
WRN 2026-06-14T01:27:08.547 ui.1366    tui_handle_term_mode:239: TUI: terminal mode 2031 detected, state 2
WRN 2026-06-14T01:27:08.547 ui.1366    tui_handle_term_mode:226: TUI: terminal mode 2048 unavailable, state 4
